aptitude
autoconf
automake
build-essential
ccache
chrpath
clang-format
cmake
conda-package-handling
curl
gettext
git
git-lfs
gparted
hardinfo
htop
inxi
ipmitool
konsole
libass-dev
libavformat-dev
libboost-all-dev
libbz2-dev
libcanberra-gtk-module
libchromaprint-dev
libclang-common-11-dev
libegl1-mesa
libexiv2-dev
libfdk-aac-dev
libffmpeg-nvenc-dev
libfftw3-dev
libfreetype6-dev
libgemmlowp-dev
libgflags-dev
libgl1-mesa-dev
libgl1-mesa-glx
libglew-dev
libglfw3-dev
libglu1-mesa-dev
libgoogle-glog-dev
libgstreamer1.0-dev
libgstreamer-plugins-bad1.0-dev
libgstreamer-plugins-good1.0-dev
libgtk2.0-dev
libhdf5-dev
libhsa-runtime-dev
libjpeg-turbo8-dev
liblapack-dev
liblcms2-dev
liblmdb-dev
libmp3lame-dev
libmunge2
libmunge-dev
libnuma-dev
libomp-dev
libopenblas-dev
libopenexr-dev
libopus-dev
libpano13-dev
libpng-dev
libprotobuf-dev
libprotoc-dev
libpthread-stubs0-dev
libsdl2-dev
libsqlite3-dev
libssl-dev
libstdc++-11-dev
libstdc++-12-dev
libsuperlu-dist-dev
libtiff-dev
libtool
libturbojpeg0-dev
libva-dev
libvdpau-dev
libvorbis-dev
libvpx-dev
libwxbase3.0-dev
libwxgtk3.0-gtk3-dev
libx264-dev
libx265-dev
libxcb1-dev
libxcb-shm0-dev
libxcb-xfixes0-dev
libyaml-cpp-dev
make
mc
mesa-utils
munge
nasm
net-tools
nfs-common
nfs-kernel-server
ninja-build
openssh-server
protobuf-compiler
python3-dev
python3-pip
qt5-qmake
qtbase5-dev
qtchooser
sqlite3
texinfo
tmux
viewnior
vim
xfce4-goodies
yasm
zlib1g-dev
